// Jest Snapshot v1, https://goo.gl/fbAQLP

exports[`CButton component renders correctly 1`] = `<button class="button"></button>`;
